BEGIN
CREATE EXTENSION
CREATE EXTENSION
CREATE TYPE
CREATE TYPE
CREATE TYPE
CREATE TYPE
CREATE TYPE
CREATE TYPE
CREATE TYPE
CREATE TABLE
CREATE TABLE
ALTER TABLE
CREATE FUNCTION
CREATE FUNCTION
CREATE TRIGGER
CREATE TRIGGER
CREATE TABLE
CREATE TABLE
CREATE FUNCTION
CREATE TABLE
CREATE TRIGGER
CREATE VIEW
CREATE FUNCTION
CREATE TABLE
CREATE TABLE
CREATE TABLE
CREATE TABLE
CREATE TABLE
CREATE TABLE
CREATE TABLE
CREATE TABLE
CREATE FUNCTION
CREATE TRIGGER
CREATE TRIGGER
CREATE FUNCTION
CREATE FUNCTION
CREATE TRIGGER
CREATE TRIGGER
CREATE TRIGGER
CREATE TRIGGER
CREATE TRIGGER
CREATE FUNCTION
CREATE TRIGGER
CREATE TABLE
CREATE TABLE
CREATE TABLE
CREATE TABLE
CREATE FUNCTION
CREATE TRIGGER
CREATE TABLE
ALTER TABLE
CREATE TABLE
CREATE TABLE
CREATE TABLE
CREATE TABLE
CREATE TABLE
CREATE TABLE
CREATE TABLE
CREATE FUNCTION
CREATE TRIGGER
CREATE TYPE
CREATE TYPE
CREATE TYPE
CREATE TYPE
CREATE TYPE
CREATE TYPE
CREATE TABLE
CREATE TABLE
CREATE TABLE
CREATE FUNCTION
CREATE FUNCTION
CREATE TRIGGER
CREATE TABLE
CREATE TABLE
CREATE FUNCTION
CREATE TRIGGER
CREATE TABLE
CREATE TABLE
CREATE FUNCTION
CREATE TRIGGER
CREATE TABLE
CREATE FUNCTION
CREATE TRIGGER
CREATE TYPE
CREATE TYPE
CREATE TYPE
CREATE TABLE
CREATE TABLE
CREATE FUNCTION
CREATE TRIGGER
CREATE TABLE
CREATE TABLE
CREATE FUNCTION
CREATE TRIGGER
CREATE TABLE
CREATE FUNCTION
CREATE TRIGGER
CREATE TABLE
CREATE FUNCTION
CREATE TRIGGER
CREATE FUNCTION
DO
COMMIT
DO
         result          
-------------------------
 M1 CATALOG SMOKE PASSED
(1 row)

BEGIN
INSERT 0 1
INSERT 0 1
INSERT 0 1
INSERT 0 1
INSERT 0 1
INSERT 0 1
INSERT 0 1
INSERT 0 1
INSERT 0 1
INSERT 0 1
INSERT 0 1
COMMIT
DO
ADV-013 valid full closure: PASSED
BEGIN
INSERT 0 1
INSERT 0 1
INSERT 0 1
INSERT 0 1
INSERT 0 1
INSERT 0 1
INSERT 0 1
INSERT 0 1
ADV-013 omitted member: BLOCKED as expected
BEGIN
INSERT 0 1
INSERT 0 1
INSERT 0 1
INSERT 0 1
INSERT 0 1
INSERT 0 1
INSERT 0 1
INSERT 0 1
INSERT 0 1
INSERT 0 1
ADV-013 open continuation: BLOCKED as expected
BEGIN
INSERT 0 1
INSERT 0 1
INSERT 0 1
COMMIT
BEGIN
INSERT 0 1
INSERT 0 1
SET CONSTRAINTS
ROLLBACK
BEGIN
INSERT 0 1
INSERT 0 1
COMMIT
INSERT 0 1
INSERT 0 1
DO
PRI-012 transaction rollback and checkpoint setup: PASSED
BEGIN
INSERT 0 1
INSERT 0 1
PRI-012 stale epoch replay: BLOCKED as expected
PRI-012 concurrent single-use CAS: BLOCKED second use as expected
BEGIN
INSERT 0 1
INSERT 0 1
INSERT 0 1
INSERT 0 1
INSERT 0 1
COMMIT
 assert_service_principal_credential_usable 
--------------------------------------------
 t
(1 row)

INSERT 0 1
DO
PRI-013 C1 revoke/C2 active projection: PASSED
PRI-013 compromised C1 gate: BLOCKED as expected
BEGIN
INSERT 0 1
INSERT 0 1
COMMIT
PRI-013 concurrent revoke/use serialization: BLOCKED old credential as expected
BEGIN
INSERT 0 1
INSERT 0 10
INSERT 0 10
INSERT 0 10
INSERT 0 10
INSERT 0 10
INSERT 0 1
COMMIT
DO
EVA-025 K=10 full output/obligation/snapshot/result closure: PASSED
BEGIN
INSERT 0 1
INSERT 0 10
INSERT 0 10
INSERT 0 3
INSERT 0 3
INSERT 0 3
INSERT 0 1
EVA-025 partial editor arm: BLOCKED as expected
M1 TRANSACTION FIXTURES PASSED
ERROR:  provider response set is not closed
CONTEXT:  PL/pgSQL function validate_provider_response_set_closure() line 79 at RAISE
ERROR:  provider response set is not closed
CONTEXT:  PL/pgSQL function validate_provider_response_set_closure() line 79 at RAISE
ERROR:  token use epoch is stale or unavailable
CONTEXT:  PL/pgSQL function validate_token_use_decision() line 34 at RAISE
ERROR:  credential is not currently usable
CONTEXT:  PL/pgSQL function assert_service_principal_credential_usable(uuid,text,text,timestamp with time zone) line 25 at RAISE
ERROR:  evaluation arm output/obligation/result sets are not closed
CONTEXT:  PL/pgSQL function validate_evaluation_arm_closure() line 99 at RAISE
